title
"Wall Hours: Total: by Domain"
parameters

start,end
2018-04-18,2018-04-30
---------
Year,"[Unknown - NutSetters] Wall Hours: Total"
2018,1226.9258
---------
