title
"Core Hour Utilization (%): by System Username"
parameters

start,end
2018-04-18,2018-04-30
---------
"System Username","Core Hour Utilization (%)"
yerwa,0.2078
ylwwa,0.0701
setusca,0.0007
---------
