title
"Core Hour Utilization (Hours): by System Username"
parameters

start,end
2018-04-18,2018-04-30
---------
Quarter,"[yerwa] Core Hour Utilization (Hours)","[ylwwa] Core Hour Utilization (Hours)","[setusca] Core Hour Utilization (Hours)"
"2018 Q2",0.1883,0.0635,0.0006
---------
