title
"Core Hour Utilization (Hours): by PI Group"
parameters

start,end
2018-04-18,2018-04-30
---------
"PI Group","Core Hour Utilization (Hours)"
"Mechanics and Materials",0.0723
---------
