title
"Core Hour Utilization (Hours)"
parameters

start,end
2018-04-18,2018-04-30
---------
Month,"[Screwdriver] Core Hour Utilization (Hours)"
2018-04,1.4502
---------
