title
"Average Wall Hours per Session: by Domain"
parameters

start,end
2018-04-18,2018-04-30
---------
Domain,"Average Wall Hours per Session"
"Default - OpenStack",23.14954403
---------
