title
"Average Wall Hours per Session: by Domain"
parameters

start,end
2018-04-18,2018-04-30
---------
Month,"[Default - OpenStack] Average Wall Hours per Session"
2018-04,23.14954403
---------
