title
"Core Hour Utilization (Hours): by PI"
parameters

start,end
2018-04-18,2018-04-30
---------
Quarter,"[Tern, Sandwich] Core Hour Utilization (Hours)"
"2018 Q2",0.2525
---------
