title
"Average Root Volume Storage Reserved Weighted By Wall Hours (Bytes): by Domain"
parameters

start,end
2018-04-18,2018-04-30
---------
Quarter,"[Unknown - NutSetters] Average Root Volume Storage Reserved Weighted By Wall Hours (Bytes)"
"2018 Q2",21474836480.0000
---------
