title
"Core Hour Utilization (Hours): by Domain"
parameters

start,end
2018-04-18,2018-04-30
---------
Domain,"Core Hour Utilization (Hours)"
Default,0.0723
---------
