title
"Core Hour Utilization (Hours): by Domain"
parameters

start,end
2018-04-18,2018-04-30
---------
Month,"[Default] Core Hour Utilization (Hours)"
2018-04,1.4502
---------
