title
"Core Hours: Total: by Domain"
parameters

start,end
2018-04-18,2018-04-30
---------
Domain,"Core Hours: Total"
"Unknown - NutSetters",1754.1644
---------
