title
"Core Hours: Total: by Domain"
parameters

start,end
2018-04-18,2018-04-30
---------
Month,"[Default - OpenStack] Core Hours: Total"
2018-04,1754.1644
---------
