title
"Core Hour Utilization (Hours): by Provider"
parameters

start,end
2018-04-18,2018-04-30
---------
Provider,"Core Hour Utilization (Hours)"
"screw - Screwdriver",0.0723
---------
