title
"Number of Active Sessions: by Domain"
parameters

start,end
2018-04-18,2018-04-30
---------
Domain,"Number of Active Sessions (Number of Sessions)"
"Default - OpenStack",53
---------
