title
"Number of Active Sessions: by Domain"
parameters

start,end
2018-04-18,2018-04-30
---------
Year,"[Unknown - NutSetters] Number of Active Sessions (Number of Sessions)"
2018,53
---------
