title
"Number of Active Sessions: by Domain"
parameters

start,end
2018-04-18,2018-04-30
---------
Quarter,"[Default - OpenStack] Number of Active Sessions (Number of Sessions)"
"2018 Q2",53
---------
