title
"Core Hour Utilization (Hours): by VM Size: Cores"
parameters

start,end
2018-04-18,2018-04-30
---------
Quarter,"[1] Core Hour Utilization (Hours)","[2 - 3] Core Hour Utilization (Hours)","[4 - 7] Core Hour Utilization (Hours)"
"2018 Q2",0.1311,0.0604,0.0609
---------
