title
"Core Hour Utilization (Hours): by VM Size: Cores"
parameters

start,end
2018-04-18,2018-04-30
---------
Year,"[1] Core Hour Utilization (Hours)","[2 - 3] Core Hour Utilization (Hours)","[4 - 7] Core Hour Utilization (Hours)"
2018,0.0376,0.0173,0.0174
---------
