title
"Core Hour Utilization (Hours): by Decanal Unit"
parameters

start,end
2018-04-18,2018-04-30
---------
Year,"[Engineering] Core Hour Utilization (Hours)"
2018,0.0723
---------
