title
"Core Hour Utilization (Hours): by Instance Type"
parameters

start,end
2018-04-18,2018-04-30
---------
Year,"[c1.m4] Core Hour Utilization (Hours)","[c4.m16] Core Hour Utilization (Hours)","[c2.m4] Core Hour Utilization (Hours)","[c1.m1] Core Hour Utilization (Hours)","[c2.m8] Core Hour Utilization (Hours)"
2018,0.0373,0.0174,0.0173,0.0003,0.0000
---------
