title
"Core Hour Utilization (Hours): by Instance Type"
parameters

start,end
2018-04-18,2018-04-30
---------
Month,"[c1.m4] Core Hour Utilization (Hours)","[c4.m16] Core Hour Utilization (Hours)","[c2.m4] Core Hour Utilization (Hours)","[c1.m1] Core Hour Utilization (Hours)","[c2.m8] Core Hour Utilization (Hours)"
2018-04,0.7479,0.3499,0.3466,0.0055,0.0004
---------
