title
"Core Hour Utilization (%): by VM State"
parameters

start,end
2018-04-18,2018-04-30
---------
Day,"[Active] Core Hour Utilization (%)","[Inactive] Core Hour Utilization (%)"
2018-04-18,0.6463,0.0000
2018-04-19,1.7127,0.0216
2018-04-20,1.2037,0.0000
2018-04-21,1.4881,0
2018-04-22,1.4881,0
2018-04-23,1.4881,0
2018-04-24,1.4205,0
2018-04-25,1.4205,0
2018-04-26,1.7267,0.0000
2018-04-27,2.5252,0.0000
2018-04-28,1.9886,0
2018-04-29,1.9886,0
2018-04-30,2.0319,0.0000
---------
