title
"Core Hour Utilization (Hours): by Submission Venue"
parameters

start,end
2018-04-18,2018-04-30
---------
Year,"[OpenStack API] Core Hour Utilization (Hours)"
2018,0.0723
---------
