title
"Core Hour Utilization (Hours): by User"
parameters

start,end
2018-04-18,2018-04-30
---------
User,"Core Hour Utilization (Hours)"
"Warbler, Yellow-rumped",0.0539
"Warbler, Yellow",0.0182
"Warbler, Blackburnian",0.0002
---------
