title
"Core Hour Utilization (Hours): by User"
parameters

start,end
2018-04-18,2018-04-30
---------
User,"Core Hour Utilization (Hours)"
"Warbler, Yellow-rumped",0.1883
"Warbler, Yellow",0.0635
"Warbler, Blackburnian",0.0006
---------
