title
"Core Hour Utilization (Hours): by User"
parameters

start,end
2018-04-18,2018-04-30
---------
Month,"[Warbler, Yellow-rumped] Core Hour Utilization (Hours)","[Warbler, Yellow] Core Hour Utilization (Hours)","[Warbler, Blackburnian] Core Hour Utilization (Hours)"
2018-04,1.0817,0.3647,0.0037
---------
