title
"Number of Sessions Started: by Domain"
parameters

start,end
2018-04-18,2018-04-30
---------
Year,"[Default - OpenStack] Number of Sessions Started"
2018,53
---------
