title
"Number of Sessions Started: by Domain"
parameters

start,end
2018-04-18,2018-04-30
---------
Month,"[Unknown - NutSetters] Number of Sessions Started"
2018-04,53
---------
