title
"Core Hour Utilization (Hours): by Project"
parameters

start,end
2018-04-18,2018-04-30
---------
Quarter,"[zealous] Core Hour Utilization (Hours)"
"2018 Q2",0.2525
---------
