title
"Core Hour Utilization (Hours): by Resource"
parameters

start,end
2018-04-18,2018-04-30
---------
Resource,"Core Hour Utilization (Hours)"
openstack,1.5355
---------
